ERROR:

Error: argsInvalidValues.input.txt: GraphQL Validation Error: Expected type Int, found "10".
>
>           first: "10"
>                  ^^^
GraphQL Validation Error: Expected type [String], found Name.
>
>           orderby: Name
>                    ^^^
GraphQL Validation Error: Expected type String, found cursor1.
>
>           find: cursor1
>                 ^^^
GraphQL Validation Error: Expected type Boolean, found "true".
>
>           isViewerFriend: "true"
>                           ^^^
GraphQL Validation Error: Expected type Gender, found "MALE"; Did you mean the enum value MALE or FEMALE?
>
>           gender: "MALE"
>                   ^^^
